// Vitest Snapshot v1, https://vitest.dev/guide/snapshot.html

exports[`generateMarkerUrl on android > amap with title and description 1`] = `"androidamap://viewMap?sourceApplication=map_launcher&poiname=B%C3%A4r%20%26%20Tor&lat=52.516323&lon=13.377348&zoom=15&dev=0"`;

exports[`generateMarkerUrl on android > amap without title and description 1`] = `"androidamap://viewMap?sourceApplication=map_launcher&poiname=&lat=52.516323&lon=13.377348&zoom=16&dev=0"`;

exports[`generateMarkerUrl on android > apple with title and description 1`] = `"http://maps.apple.com/maps?saddr=52.516323,13.377348"`;

exports[`generateMarkerUrl on android > apple without title and description 1`] = `"http://maps.apple.com/maps?saddr=52.516323,13.377348"`;

exports[`generateMarkerUrl on android > baidu with title and description 1`] = `"baidumap://map/marker?location=52.516323,13.377348&title=B%C3%A4r%20%26%20Tor&content=Some%20description&traffic=on&src=com.map_launcher&coord_type=gcj02&zoom=15"`;

exports[`generateMarkerUrl on android > baidu without title and description 1`] = `"baidumap://map/marker?location=52.516323,13.377348&title=Title&content=Description&traffic=on&src=com.map_launcher&coord_type=gcj02&zoom=16"`;

exports[`generateMarkerUrl on android > citymapper with title and description 1`] = `"citymapper://directions?endcoord=52.516323,13.377348&endname=B%C3%A4r%20%26%20Tor"`;

exports[`generateMarkerUrl on android > citymapper without title and description 1`] = `"citymapper://directions?endcoord=52.516323,13.377348&endname="`;

exports[`generateMarkerUrl on android > copilot with title and description 1`] = `"copilot://mydestination?type=LOCATION&action=VIEW&marker=52.516323,13.377348&name=B%C3%A4r%20%26%20Tor"`;

exports[`generateMarkerUrl on android > copilot without title and description 1`] = `"copilot://mydestination?type=LOCATION&action=VIEW&marker=52.516323,13.377348&name="`;

exports[`generateMarkerUrl on android > doubleGis with title and description 1`] = `"dgis://2gis.ru/routeSearch/rsType/car/to/13.377348,52.516323"`;

exports[`generateMarkerUrl on android > doubleGis without title and description 1`] = `"dgis://2gis.ru/routeSearch/rsType/car/to/13.377348,52.516323"`;

exports[`generateMarkerUrl on android > flitsmeister with title and description 1`] = `"geo:52.516323,13.377348?q=52.516323,13.377348"`;

exports[`generateMarkerUrl on android > flitsmeister without title and description 1`] = `"geo:52.516323,13.377348?q=52.516323,13.377348"`;

exports[`generateMarkerUrl on android > google with title and description 1`] = `"geo:0,0?q=52.516323,13.377348(B%C3%A4r%20%26%20Tor)&zoom=15"`;

exports[`generateMarkerUrl on android > google without title and description 1`] = `"geo:0,0?q=52.516323,13.377348&zoom=16"`;

exports[`generateMarkerUrl on android > googleGo with title and description 1`] = `"http://maps.google.com/maps?q=52.516323,13.377348(B%C3%A4r%20%26%20Tor)&zoom=15"`;

exports[`generateMarkerUrl on android > googleGo without title and description 1`] = `"http://maps.google.com/maps?q=52.516323,13.377348&zoom=16"`;

exports[`generateMarkerUrl on android > here with title and description 1`] = `"https://share.here.com/l/52.516323,13.377348,B%C3%A4r%20%26%20Tor?z=15"`;

exports[`generateMarkerUrl on android > here without title and description 1`] = `"https://share.here.com/l/52.516323,13.377348,undefined?z=16"`;

exports[`generateMarkerUrl on android > kakao with title and description 1`] = `"kakaomap://look?p=52.516323,13.377348"`;

exports[`generateMarkerUrl on android > kakao without title and description 1`] = `"kakaomap://look?p=52.516323,13.377348"`;

exports[`generateMarkerUrl on android > mapswithme with title and description 1`] = `"mapsme://map?v=1&ll=52.516323,13.377348&n=B%C3%A4r%20%26%20Tor"`;

exports[`generateMarkerUrl on android > mapswithme without title and description 1`] = `"mapsme://map?v=1&ll=52.516323,13.377348"`;

exports[`generateMarkerUrl on android > mapyCz with title and description 1`] = `"https://mapy.cz/zakladni?id=\${coords[ 0 ]},\${coords[ 1 ]}&z=15&source=coor"`;

exports[`generateMarkerUrl on android > mapyCz without title and description 1`] = `"https://mapy.cz/zakladni?id=\${coords[ 0 ]},\${coords[ 1 ]}&z=16&source=coor"`;

exports[`generateMarkerUrl on android > naver with title and description 1`] = `"nmap://place?lat=52.516323&lng=13.377348&zoom=15&name=B%C3%A4r%20%26%20Tor"`;

exports[`generateMarkerUrl on android > naver without title and description 1`] = `"nmap://place?lat=52.516323&lng=13.377348&zoom=16"`;

exports[`generateMarkerUrl on android > osmand with title and description 1`] = `"http://osmand.net/go?lat=52.516323&lon=13.377348&z=15"`;

exports[`generateMarkerUrl on android > osmand without title and description 1`] = `"http://osmand.net/go?lat=52.516323&lon=13.377348&z=16"`;

exports[`generateMarkerUrl on android > osmandplus with title and description 1`] = `"http://osmand.net/go?lat=52.516323&lon=13.377348&z=15"`;

exports[`generateMarkerUrl on android > osmandplus without title and description 1`] = `"http://osmand.net/go?lat=52.516323&lon=13.377348&z=16"`;

exports[`generateMarkerUrl on android > petal with title and description 1`] = `"petalmaps://poidetail?marker=52.516323,13.377348&z=15"`;

exports[`generateMarkerUrl on android > petal without title and description 1`] = `"petalmaps://poidetail?marker=52.516323,13.377348&z=16"`;

exports[`generateMarkerUrl on android > sygicTruck with title and description 1`] = `"com.sygic.aura://coordinate|13.377348|52.516323|show"`;

exports[`generateMarkerUrl on android > sygicTruck without title and description 1`] = `"com.sygic.aura://coordinate|13.377348|52.516323|show"`;

exports[`generateMarkerUrl on android > tencent with title and description 1`] = `"qqmap://map/marker?marker=coord:52.516323,13.377348;title:B%C3%A4r%20%26%20Tor"`;

exports[`generateMarkerUrl on android > tencent without title and description 1`] = `"qqmap://map/marker?marker=coord:52.516323,13.377348"`;

exports[`generateMarkerUrl on android > tmap with title and description 1`] = `"tmap://viewmap?name=B%C3%A4r%20%26%20Tor&x=13.377348&y=52.516323"`;

exports[`generateMarkerUrl on android > tmap without title and description 1`] = `"tmap://viewmap?name=&x=13.377348&y=52.516323"`;

exports[`generateMarkerUrl on android > tomtomgo with title and description 1`] = `"geo:52.516323,13.377348?q=52.516323,13.377348(B%C3%A4r%20%26%20Tor)"`;

exports[`generateMarkerUrl on android > tomtomgo without title and description 1`] = `"geo:52.516323,13.377348?q=52.516323,13.377348"`;

exports[`generateMarkerUrl on android > tomtomgofleet with title and description 1`] = `"geo:52.516323,13.377348?q=52.516323,13.377348(B%C3%A4r%20%26%20Tor)"`;

exports[`generateMarkerUrl on android > tomtomgofleet without title and description 1`] = `"geo:52.516323,13.377348?q=52.516323,13.377348"`;

exports[`generateMarkerUrl on android > truckmeister with title and description 1`] = `"geo:52.516323,13.377348?q=52.516323,13.377348"`;

exports[`generateMarkerUrl on android > truckmeister without title and description 1`] = `"geo:52.516323,13.377348?q=52.516323,13.377348"`;

exports[`generateMarkerUrl on android > waze with title and description 1`] = `"waze://?ll=52.516323,13.377348&z=15"`;

exports[`generateMarkerUrl on android > waze without title and description 1`] = `"waze://?ll=52.516323,13.377348&z=16"`;

exports[`generateMarkerUrl on android > yandexMaps with title and description 1`] = `"yandexmaps://maps.yandex.ru/?pt=13.377348,52.516323&z=15&l=map"`;

exports[`generateMarkerUrl on android > yandexMaps without title and description 1`] = `"yandexmaps://maps.yandex.ru/?pt=13.377348,52.516323&z=16&l=map"`;

exports[`generateMarkerUrl on android > yandexNavi with title and description 1`] = `"yandexnavi://show_point_on_map?lat=52.516323&lon=13.377348&zoom=15&no-balloon=0&desc=B%C3%A4r%20%26%20Tor"`;

exports[`generateMarkerUrl on android > yandexNavi without title and description 1`] = `"yandexnavi://show_point_on_map?lat=52.516323&lon=13.377348&zoom=16&no-balloon=0&desc="`;

exports[`generateMarkerUrl on ios > amap with title and description 1`] = `"iosamap://viewMap?sourceApplication=map_launcher&poiname=B%C3%A4r%20%26%20Tor&lat=52.516323&lon=13.377348&zoom=15&dev=0"`;

exports[`generateMarkerUrl on ios > amap without title and description 1`] = `"iosamap://viewMap?sourceApplication=map_launcher&poiname=&lat=52.516323&lon=13.377348&zoom=16&dev=0"`;

exports[`generateMarkerUrl on ios > apple with title and description 1`] = `"http://maps.apple.com/maps?saddr=52.516323,13.377348"`;

exports[`generateMarkerUrl on ios > apple without title and description 1`] = `"http://maps.apple.com/maps?saddr=52.516323,13.377348"`;

exports[`generateMarkerUrl on ios > baidu with title and description 1`] = `"baidumap://map/marker?location=52.516323,13.377348&title=B%C3%A4r%20%26%20Tor&content=Some%20description&traffic=on&src=com.map_launcher&coord_type=gcj02&zoom=15"`;

exports[`generateMarkerUrl on ios > baidu without title and description 1`] = `"baidumap://map/marker?location=52.516323,13.377348&title=Title&content=Description&traffic=on&src=com.map_launcher&coord_type=gcj02&zoom=16"`;

exports[`generateMarkerUrl on ios > citymapper with title and description 1`] = `"citymapper://directions?endcoord=52.516323,13.377348&endname=B%C3%A4r%20%26%20Tor"`;

exports[`generateMarkerUrl on ios > citymapper without title and description 1`] = `"citymapper://directions?endcoord=52.516323,13.377348&endname="`;

exports[`generateMarkerUrl on ios > copilot with title and description 1`] = `"copilot://mydestination?type=LOCATION&action=VIEW&marker=52.516323,13.377348&name=B%C3%A4r%20%26%20Tor"`;

exports[`generateMarkerUrl on ios > copilot without title and description 1`] = `"copilot://mydestination?type=LOCATION&action=VIEW&marker=52.516323,13.377348&name="`;

exports[`generateMarkerUrl on ios > doubleGis with title and description 1`] = `"dgis://2gis.ru/geo/13.377348,52.516323"`;

exports[`generateMarkerUrl on ios > doubleGis without title and description 1`] = `"dgis://2gis.ru/geo/13.377348,52.516323"`;

exports[`generateMarkerUrl on ios > flitsmeister with title and description 1`] = `"flitsmeister://?geo=52.516323,13.377348"`;

exports[`generateMarkerUrl on ios > flitsmeister without title and description 1`] = `"flitsmeister://?geo=52.516323,13.377348"`;

exports[`generateMarkerUrl on ios > google with title and description 1`] = `"comgooglemaps://?q=52.516323,13.377348(B%C3%A4r%20%26%20Tor)&zoom=15"`;

exports[`generateMarkerUrl on ios > google without title and description 1`] = `"comgooglemaps://?q=52.516323,13.377348&zoom=16"`;

exports[`generateMarkerUrl on ios > googleGo with title and description 1`] = `"http://maps.google.com/maps?q=52.516323,13.377348(B%C3%A4r%20%26%20Tor)&zoom=15"`;

exports[`generateMarkerUrl on ios > googleGo without title and description 1`] = `"http://maps.google.com/maps?q=52.516323,13.377348&zoom=16"`;

exports[`generateMarkerUrl on ios > here with title and description 1`] = `"https://share.here.com/l/52.516323,13.377348,B%C3%A4r%20%26%20Tor?z=15"`;

exports[`generateMarkerUrl on ios > here without title and description 1`] = `"https://share.here.com/l/52.516323,13.377348,undefined?z=16"`;

exports[`generateMarkerUrl on ios > kakao with title and description 1`] = `"kakaomap://look?p=52.516323,13.377348"`;

exports[`generateMarkerUrl on ios > kakao without title and description 1`] = `"kakaomap://look?p=52.516323,13.377348"`;

exports[`generateMarkerUrl on ios > mapswithme with title and description 1`] = `"mapsme://map?v=1&ll=52.516323,13.377348&n=B%C3%A4r%20%26%20Tor"`;

exports[`generateMarkerUrl on ios > mapswithme without title and description 1`] = `"mapsme://map?v=1&ll=52.516323,13.377348"`;

exports[`generateMarkerUrl on ios > mapyCz with title and description 1`] = `"https://mapy.cz/zakladni?id=\${coords[ 0 ]},\${coords[ 1 ]}&z=15&source=coor"`;

exports[`generateMarkerUrl on ios > mapyCz without title and description 1`] = `"https://mapy.cz/zakladni?id=\${coords[ 0 ]},\${coords[ 1 ]}&z=16&source=coor"`;

exports[`generateMarkerUrl on ios > naver with title and description 1`] = `"nmap://place?lat=52.516323&lng=13.377348&zoom=15&name=B%C3%A4r%20%26%20Tor"`;

exports[`generateMarkerUrl on ios > naver without title and description 1`] = `"nmap://place?lat=52.516323&lng=13.377348&zoom=16"`;

exports[`generateMarkerUrl on ios > osmand with title and description 1`] = `"osmandmaps://?lat=52.516323&lon=13.377348&z=15&title=B%C3%A4r%20%26%20Tor"`;

exports[`generateMarkerUrl on ios > osmand without title and description 1`] = `"osmandmaps://?lat=52.516323&lon=13.377348&z=16"`;

exports[`generateMarkerUrl on ios > osmandplus with title and description 1`] = `"osmandmaps://?lat=52.516323&lon=13.377348&z=15&title=B%C3%A4r%20%26%20Tor"`;

exports[`generateMarkerUrl on ios > osmandplus without title and description 1`] = `"osmandmaps://?lat=52.516323&lon=13.377348&z=16"`;

exports[`generateMarkerUrl on ios > petal with title and description 1`] = `"petalmaps://poidetail?marker=52.516323,13.377348&z=15"`;

exports[`generateMarkerUrl on ios > petal without title and description 1`] = `"petalmaps://poidetail?marker=52.516323,13.377348&z=16"`;

exports[`generateMarkerUrl on ios > sygicTruck with title and description 1`] = `"com.sygic.aura://coordinate|13.377348|52.516323|show"`;

exports[`generateMarkerUrl on ios > sygicTruck without title and description 1`] = `"com.sygic.aura://coordinate|13.377348|52.516323|show"`;

exports[`generateMarkerUrl on ios > tencent with title and description 1`] = `"qqmap://map/marker?marker=coord:52.516323,13.377348;title:B%C3%A4r%20%26%20Tor"`;

exports[`generateMarkerUrl on ios > tencent without title and description 1`] = `"qqmap://map/marker?marker=coord:52.516323,13.377348"`;

exports[`generateMarkerUrl on ios > tmap with title and description 1`] = `"tmap://viewmap?name=B%C3%A4r%20%26%20Tor&x=13.377348&y=52.516323"`;

exports[`generateMarkerUrl on ios > tmap without title and description 1`] = `"tmap://viewmap?name=&x=13.377348&y=52.516323"`;

exports[`generateMarkerUrl on ios > tomtomgo with title and description 1`] = `"tomtomgo://x-callback-url/navigate?destination=52.516323,13.377348"`;

exports[`generateMarkerUrl on ios > tomtomgo without title and description 1`] = `"tomtomgo://x-callback-url/navigate?destination=52.516323,13.377348"`;

exports[`generateMarkerUrl on ios > tomtomgofleet with title and description 1`] = `"geo:52.516323,13.377348?q=52.516323,13.377348(B%C3%A4r%20%26%20Tor)"`;

exports[`generateMarkerUrl on ios > tomtomgofleet without title and description 1`] = `"geo:52.516323,13.377348?q=52.516323,13.377348"`;

exports[`generateMarkerUrl on ios > truckmeister with title and description 1`] = `"truckmeister://?geo=52.516323,13.377348"`;

exports[`generateMarkerUrl on ios > truckmeister without title and description 1`] = `"truckmeister://?geo=52.516323,13.377348"`;

exports[`generateMarkerUrl on ios > waze with title and description 1`] = `"waze://?ll=52.516323,13.377348&z=15"`;

exports[`generateMarkerUrl on ios > waze without title and description 1`] = `"waze://?ll=52.516323,13.377348&z=16"`;

exports[`generateMarkerUrl on ios > yandexMaps with title and description 1`] = `"yandexmaps://maps.yandex.ru/?pt=13.377348,52.516323&z=15&l=map"`;

exports[`generateMarkerUrl on ios > yandexMaps without title and description 1`] = `"yandexmaps://maps.yandex.ru/?pt=13.377348,52.516323&z=16&l=map"`;

exports[`generateMarkerUrl on ios > yandexNavi with title and description 1`] = `"yandexnavi://show_point_on_map?lat=52.516323&lon=13.377348&zoom=15&no-balloon=0&desc=B%C3%A4r%20%26%20Tor"`;

exports[`generateMarkerUrl on ios > yandexNavi without title and description 1`] = `"yandexnavi://show_point_on_map?lat=52.516323&lon=13.377348&zoom=16&no-balloon=0&desc="`;
